// Jest Snapshot v1, https://goo.gl/fbAQLP

exports[`ItemDetail should render correctly 1`] = `
<div
  className="container"
>
  <div
    className="someContainer"
  >
    <div
      className="innerContainer"
    >
      <div
        className="pic"
      >
        <img
          alt="This is some title"
          src="http://someurl.com/someimage.jpg"
        />
      </div>
      <div
        className="infoContainer"
      >
        <div
          className="condition"
        >
          new
           - 
          245
           vendidos
        </div>
        <h1
          className="title"
        >
          This is some title
        </h1>
        <div
          className="price"
        >
          $ 
          10000
          <span
            className="priceDecimals"
          >
            99
          </span>
        </div>
        <button
          className="buyButton"
        >
          Comprar
        </button>
      </div>
    </div>
    <div
      className="infoContainer2"
    >
      <h2
        className="descriptionTitle"
      >
        Descripci√≥n del producto
      </h2>
      <p
        className="description"
        dangerouslySetInnerHTML={
          Object {
            "__html": "This is some description",
          }
        }
      />
    </div>
  </div>
</div>
`;
